
> heartbeat-companion@1.5.0 verify
> npm run typecheck && npm run lint && npm test && npm run verify:chat-history && npm run verify:debug-now && npm run verify:visual-assets && npm run verify:v1.5 && npm run verify:engineering


> heartbeat-companion@1.5.0 typecheck
> tsc --noEmit


> heartbeat-companion@1.5.0 lint
> eslint App.tsx src tests --ext .ts,.tsx --max-warnings=0


> heartbeat-companion@1.5.0 test
> vitest run


 RUN  v3.2.7 /Users/eee/Desktop/code/bcmp_cyber_lover

 ✓ tests/characterRelease.test.ts (4 tests) 3ms
 ✓ tests/luyaUnderstanding.test.ts (23 tests) 6ms
 ✓ tests/luyaMigration.test.ts (3 tests) 5ms
 ✓ tests/chatMerge.test.ts (2 tests) 3ms
 ✓ tests/sendQueuePersistence.test.ts (1 test) 2ms
 ✓ tests/characterDefinitionUpdate.test.ts (5 tests) 4ms
 ✓ tests/luyaLifeRoom.test.ts (18 tests) 51ms
 ✓ tests/luyaPersona.test.ts (9 tests) 27ms
 ✓ tests/luyaStore.test.ts (10 tests) 182ms
 ↓ tests/luyaModelAcceptance.test.ts (1 test | 1 skipped)
 ✓ tests/appDataValidation.test.ts (3 tests) 2ms

 Test Files  10 passed | 1 skipped (11)
      Tests  78 passed | 1 skipped (79)
   Start at  00:17:27
   Duration  519ms (transform 494ms, setup 0ms, collect 804ms, tests 284ms, environment 1ms, prepare 500ms)


> heartbeat-companion@1.5.0 verify:chat-history
> node scripts/verify-chat-history-ordering.js

PASS newestFirst puts latest message first
PASS isNewestFirst recognizes normalized storage order
PASS oldestFirst keeps display/API order chronological
PASS recentChronological returns the newest N in chronological order
PASS filterByDate returns only one local calendar day in chronological order
PASS searchMessages filters by query and sender role
PASS buildChatArchives excludes failed messages from counts
PASS buildChatArchives keeps latest archive first
PASS mood entry display messages sort by timestamp with chat history
PASS message ordering preserves the assistant mood snapshot
PASS ChatScreen waits for persisted history before writing first greeting
PASS ChatScreen merges mood entry into chronological display order
PASS ChatScreen snapshots the character mood used for each persisted assistant reply
PASS ChatBubble shows full assistant date-time and the captured reply mood
PASS chatPersistence reads durable file snapshots during recovery
PASS chatPersistence writes capped durable file snapshots on save
PASS native chat storage uses SQLite as the primary local message store
PASS web/default chat storage avoids static expo-sqlite imports
PASS chatPersistence keeps legacy AsyncStorage migration sources readable

> heartbeat-companion@1.5.0 verify:debug-now
> node scripts/verify-debug-now-chain.js

debugNowTs(local) = Tue Jun 16 2026 01:30:00 GMT+0800 (China Standard Time)
PASS 聊天 system prompt 写入深夜时段
PASS 聊天 system prompt 写入深夜行为指引
PASS 每日开场白 prompt 写入深夜时段
PASS 每日开场白用户指令携带深夜语境
PASS 聊天回复按深夜语境变化
PASS 每日开场白按深夜语境变化
chat reply: 深夜了，我把声音放轻一点陪你。先别硬撑，喝口水，我们慢慢把心放下来。
daily greeting: 深夜了，我把声音放轻一点陪你。先别硬撑，喝口水，我们慢慢把心放下来。

> heartbeat-companion@1.5.0 verify:visual-assets
> node scripts/verify-visual-assets.js && node scripts/verify-character-asset-registry.js

Verified 90 visual assets.
Verified character docs mirrors and forbidden legacy asset entries.
- assets/adaptive-icon.png (1024x1024)
- assets/characters/v2/luna/action-waiting.png (1086x1448)
- assets/characters/v2/luna/action-wave.png (1086x1448)
- assets/characters/v2/luna/avatar.png (1254x1254)
- assets/characters/v2/luna/expression-happy.png (1086x1448)
- assets/characters/v2/luna/expression-low-energy.png (1086x1448)
- assets/characters/v2/luna/expression-soft.png (1086x1448)
- assets/characters/v2/luna/headshot.png (512x512)
- assets/characters/v2/luna/main.png (1086x1448)
- assets/characters/v2/luna/scene-memory.png (1086x1448)
- assets/characters/v2/qingning/action-waiting.png (941x1672)
- assets/characters/v2/qingning/action-wave.png (1086x1448)
- assets/characters/v2/qingning/avatar.png (1254x1254)
- assets/characters/v2/qingning/expression-happy.png (1086x1448)
- assets/characters/v2/qingning/expression-low-energy.png (1086x1448)
- assets/characters/v2/qingning/expression-soft.png (1086x1448)
- assets/characters/v2/qingning/headshot.png (512x512)
- assets/characters/v2/qingning/main.png (1086x1448)
- assets/characters/v2/qingning/scene-memory.png (1086x1448)
- assets/characters/v2/sakura/action-waiting.png (1086x1448)
- assets/characters/v2/sakura/action-wave.png (1086x1448)
- assets/characters/v2/sakura/avatar.png (1254x1254)
- assets/characters/v2/sakura/expression-happy.png (1086x1448)
- assets/characters/v2/sakura/expression-low-energy.png (1086x1448)
- assets/characters/v2/sakura/expression-soft.png (1086x1448)
- assets/characters/v2/sakura/headshot.png (512x512)
- assets/characters/v2/sakura/main.png (1086x1448)
- assets/characters/v2/sakura/scene-memory.png (1086x1448)
- assets/favicon.png (512x512)
- assets/icon.png (1024x1024)
- assets/memories/comics/luna-comic-grid.png (1254x1254)
- assets/memories/comics/luna-comic-magazine.png (941x1672)
- assets/memories/comics/qingning-comic-grid.png (1254x1254)
- assets/memories/comics/qingning-comic-magazine.png (941x1672)
- assets/memories/comics/sakura-comic-grid.png (1254x1254)
- assets/memories/comics/sakura-comic-magazine.png (941x1672)
- assets/memories/luna-midnight-game.png (1254x1254)
- assets/memories/qingning-convenience-evening.png (1254x1254)
- assets/memories/sakura-rainy-bookstore.png (1254x1254)
- assets/splash.png (1024x1024)
- assets/style/soft-sweet/avatar-frame-pink.png (212x95)
- assets/style/soft-sweet/bow-divider.png (252x54)
- assets/style/soft-sweet/bubble-pink.png (385x93)
- assets/style/soft-sweet/heart-charm-card.png (154x220)
- assets/style/soft-sweet/input-bar.png (438x72)
- assets/style/soft-sweet/ribbon-panel.png (393x88)
- assets/style/urban-luxury/city-glass-card.png (316x180)
- assets/style/urban-luxury/crystal-pendants.png (395x159)
- assets/style/urban-luxury/night-city-card.png (188x216)
- assets/style/urban-luxury/pearl-chat-bubble.png (470x82)
- assets/style/urban-luxury/rose-chat-bubble.png (502x90)
- assets/style/urban-luxury/round-window.png (175x175)
- assets/style/urban-luxury/slider-pendant.png (417x139)
- docs/assets/characters/v2/luna/action-waiting.png (1086x1448)
- docs/assets/characters/v2/luna/action-wave.png (1086x1448)
- docs/assets/characters/v2/luna/avatar.png (1254x1254)
- docs/assets/characters/v2/luna/expression-happy.png (1086x1448)
- docs/assets/characters/v2/luna/expression-low-energy.png (1086x1448)
- docs/assets/characters/v2/luna/expression-soft.png (1086x1448)
- docs/assets/characters/v2/luna/headshot.png (512x512)
- docs/assets/characters/v2/luna/main.png (1086x1448)
- docs/assets/characters/v2/luna/scene-memory.png (1086x1448)
- docs/assets/characters/v2/qingning/action-waiting.png (941x1672)
- docs/assets/characters/v2/qingning/action-wave.png (1086x1448)
- docs/assets/characters/v2/qingning/avatar.png (1254x1254)
- docs/assets/characters/v2/qingning/expression-happy.png (1086x1448)
- docs/assets/characters/v2/qingning/expression-low-energy.png (1086x1448)
- docs/assets/characters/v2/qingning/expression-soft.png (1086x1448)
- docs/assets/characters/v2/qingning/headshot.png (512x512)
- docs/assets/characters/v2/qingning/main.png (1086x1448)
- docs/assets/characters/v2/qingning/scene-memory.png (1086x1448)
- docs/assets/characters/v2/sakura/action-waiting.png (1086x1448)
- docs/assets/characters/v2/sakura/action-wave.png (1086x1448)
- docs/assets/characters/v2/sakura/avatar.png (1254x1254)
- docs/assets/characters/v2/sakura/expression-happy.png (1086x1448)
- docs/assets/characters/v2/sakura/expression-low-energy.png (1086x1448)
- docs/assets/characters/v2/sakura/expression-soft.png (1086x1448)
- docs/assets/characters/v2/sakura/headshot.png (512x512)
- docs/assets/characters/v2/sakura/main.png (1086x1448)
- docs/assets/characters/v2/sakura/scene-memory.png (1086x1448)
- docs/assets/favicon.png (512x512)
- docs/assets/memories/comics/luna-comic-grid.png (1254x1254)
- docs/assets/memories/comics/luna-comic-magazine.png (941x1672)
- docs/assets/memories/comics/qingning-comic-grid.png (1254x1254)
- docs/assets/memories/comics/qingning-comic-magazine.png (941x1672)
- docs/assets/memories/comics/sakura-comic-grid.png (1254x1254)
- docs/assets/memories/comics/sakura-comic-magazine.png (941x1672)
- docs/assets/memories/luna-midnight-game.png (1254x1254)
- docs/assets/memories/qingning-convenience-evening.png (1254x1254)
- docs/assets/memories/sakura-rainy-bookstore.png (1254x1254)
Verified centralized character asset registry.

> heartbeat-companion@1.5.0 verify:v1.5
> node scripts/verify-v15-companion-studio.js

PASS simple studio creates a stable custom character id
PASS new characters start with non-empty local relationship data
PASS simple studio prompt contains identity, behavior, voice and boundary layers
PASS new character definition passes the local quality audit
PASS relationship stages cover all four V1.5 chapters
PASS relationship stage only advances forward
PASS relationship milestones are confirmed records
PASS memory schema preserves source, confidence and lifecycle metadata
PASS chat stores source message ids with confirmed memories
PASS memory store de-duplicates and supports edit/delete
PASS memory library exposes lock, edit and delete controls
PASS character revisions snapshot definitions without relationship history
PASS character editor offers simple/expert depths and rollback
PASS character editor keeps custom characters in the roster
PASS backup excludes secure keys and legacy chat duplication
PASS restore always creates a pre-restore backup
PASS chat restore writes through the compatibility persistence layer
PASS data management exposes backup, restore and diagnostics
PASS onboarding tests the service before persisting configuration
PASS onboarding hides API key input
PASS call screen does not simulate speech-to-text
PASS call greeting comes from the selected character
V1.5 companion + character studio verification passed.

> heartbeat-companion@1.5.0 verify:engineering
> node scripts/verify-engineering-hardening.js

PASS recovery uses explicit source priority
PASS normal SQLite writes do not delete the conversation first
PASS pending sends are persisted before processing
PASS chat generation receives an abort signal
PASS backup schema includes checksum and media
PASS interrupted restore rolls back from its safety backup
PASS lockfile is expected by npm ci
PASS CI verification command exists
PASS lint warnings fail CI
PASS call connection timer is cleared on unmount
