Starting Metro Bundler

| (node:88092) Warning: The 'NO_COLOR' env is ignored due to the 'FORCE_COLOR' env being set.
| (Use `node --trace-warnings ...` to show where the warning was created)
Web Bundled 5893ms node_modules/expo/AppEntry.js (2041 modules)

› Assets (65):
assets/characters/v2/luna/action-waiting.4236dbe0db76138f452d8a6e685591f1.png (2.1MB)
assets/characters/v2/luna/action-wave.580d5fa4bebfb3fe180eda9eb0c41e21.png (2.2MB)
assets/characters/v2/luna/avatar.e11bc3c1d2048b4a415002212268b2d4.png (2.2MB)
assets/characters/v2/luna/expression-happy.cb89933d87fcf289eb2bc18fe4dd78f9.png (2.1MB)
assets/characters/v2/luna/expression-low-energy.eb6aa9fc8c204e0282fa704cfbf80dd5.png (2.2MB)
assets/characters/v2/luna/expression-soft.250cc013e8b2b34b902d268adfc21522.png (2.1MB)
assets/characters/v2/luna/headshot.2aa03d5133d98ee718224e484b62b667.png (429KB)
assets/characters/v2/luna/main.ba2f2ab2b2078363f36f7253cbe57f28.png (2.1MB)
assets/characters/v2/luna/scene-memory.3f538042637669ae84fecba00d3a2f1e.png (2.3MB)
assets/characters/v2/qingning/action-waiting.5595ab8c4be5e8758a7c8699570ad857.png (2.6MB)
assets/characters/v2/qingning/action-wave.586f291d039958b826b02b5b37ff4142.png (2.4MB)
assets/characters/v2/qingning/avatar.e94687bda97aa99c271f41596a1cd3dc.png (2.5MB)
assets/characters/v2/qingning/expression-happy.d71c8a583b0a2206a462a1b8594f3c58.png (2.7MB)
assets/characters/v2/qingning/expression-low-energy.5848d76cac9ed948eb74bf86371ffbf1.png (2.3MB)
assets/characters/v2/qingning/expression-soft.29b0613be90d795fae4b7985f67842b1.png (2.5MB)
assets/characters/v2/qingning/headshot.e0b5bb01dff7ab1a8c2b9f5dff7709ef.png (478KB)
assets/characters/v2/qingning/main.1363347f84ec8f441849c248ed9af87a.png (2.5MB)
assets/characters/v2/qingning/scene-memory.7e0c74b9afbceeb5418d03b3558afd52.png (2.6MB)
assets/characters/v2/sakura/action-waiting.720ebed3f170664d9c0bcc22fbe3d68b.png (2.5MB)
assets/characters/v2/sakura/action-wave.25ba60a2d7902b97901c003c24004117.png (2.3MB)
assets/characters/v2/sakura/avatar.a7a0e58ee60631569056c0a9627e2c04.png (2.6MB)
assets/characters/v2/sakura/expression-happy.6b99c33979c6d01a371dbf7c23d558af.png (2.5MB)
assets/characters/v2/sakura/expression-low-energy.48b1867159dda1a3a652733be0632800.png (2.5MB)
assets/characters/v2/sakura/expression-soft.14e144fb3451a486426de070934adcc7.png (2.5MB)
assets/characters/v2/sakura/headshot.0728966c77521c680bc1338235ae6c6a.png (463KB)
assets/characters/v2/sakura/main.8db053a965fb61e56c44e93b99d2b1db.png (2.5MB)
assets/characters/v2/sakura/scene-memory.3487cedcf18a7ed982a23e3d3a698ceb.png (2.6MB)
assets/luya-art-v1/life-focus.8d4c2292b60b729de0120aa85816fe93.png (2.2MB)
assets/luya-art-v1/life-reading.4ffa230ebf37f08fd6a0e182a2b4c691.png (2.5MB)
assets/luya-art-v1/life-rest.ced16b71160afe1a7e5ea49b12c0806c.png (2.4MB)
assets/luya-art-v1/room-day.ccc7be01ccdd53cf6a3752460cf8690d.png (2.7MB)
assets/luya-art-v1/room-night.8c6451ce99a2567b43f25a84997e35ca.png (2.4MB)
assets/luya-art-v2/room-day-portrait.3323424549ed0b80c324aea45339049d.png (2.4MB)
assets/luya-art-v2/room-night-portrait.9ff24e6e851fe8dc29ba481475dceba4.png (2.1MB)
assets/luya-ip-v1/reference/approved-hairstyles.545e89c0e745d0a0f7b3c00edfb890e4.png (2.5MB)
assets/luya-ip-v1/reference/approved-looks.2ebcab0d74e4e5b80110cd74d7b181b7.png (1.9MB)
assets/luya-ip-v1/reference/l01-turnaround.45ac0a4e7551f868af9d5f11abcc7032.png (1.8MB)
assets/luya-ip-v1/reference/l02-turnaround.3a0662fd34d557dc669eec504e753f18.png (1.9MB)
assets/luya-ip-v1/reference/l03-turnaround.29867b402ee336406e8335fdc2c08b43.png (1.9MB)
assets/luya-ip-v1/reference/l04-turnaround.db3fe8d290799f8d99ce32f186e0780a.png (2MB)
assets/luya-ip-v1/reference/l05-turnaround.27c7e810dcd8e30657cb4fa8543c6b8a.png (1.7MB)
assets/luya-ip-v1/reference/l06-turnaround.60a446a8e756929a291713bbd54b03df.png (2MB)
assets/luya-ip-v1/scenes/campus-project.7d04784d2ca97cb444d422dd56db2777.png (2.3MB)
assets/luya-ip-v1/scenes/city-observation.7ef107e3825534712c8c60a44714240c.png (2.5MB)
assets/luya-ip-v1/scenes/home-reading.d663cecdb44310b2addc80288f1f2532.png (2.4MB)
assets/luya-ip-v1/stories/blue-tomorrow-01.09903339c5a6c299ad255e6a2c9ced85.png (2.2MB)
assets/luya-ip-v1/stories/blue-tomorrow-02.8fbda2ecbafceb168a748664ce84c044.png (2.2MB)
assets/luya-ip-v1/stories/listen-first-01.d8d847beca03dd00c51620d9582d8c10.png (2.2MB)
assets/luya-ip-v1/stories/listen-first-02.66e6f2a4fb182704b027bb373abe0999.png (2.3MB)
assets/luya-ip-v1/stories/unknown-year-01.2d6461411330f0f0f5661e64546f3513.png (2.4MB)
assets/luya-ip-v1/stories/unknown-year-02.f50c8db94285819889591c085523b0c2.png (2.5MB)
assets/memories/comics/luna-comic-magazine.e3159f161607eacbafa4407b5a55269c.png (2.9MB)
assets/memories/comics/qingning-comic-magazine.ddfc544f87e50083bd9766d085695b7a.png (3.1MB)
assets/memories/comics/sakura-comic-magazine.de9fe6cbc55d2642f07022f86460db2b.png (3.1MB)
node_modules/@react-navigation/elements/lib/module/assets/back-icon-mask.0a328cd9c1afd0afe8e3b1ec5165b1b4.png (653B)
node_modules/@react-navigation/elements/lib/module/assets/back-icon.35ba0eaec5a4f5ed12ca16fabeae451d.png (207B)
node_modules/@react-navigation/elements/lib/module/assets/clear-icon.c94f6478e7ae0cdd9f15de1fcb9e5e55.png (4 variations | 425B)
node_modules/@react-navigation/elements/lib/module/assets/close-icon.808e1b1b9b53114ec2838071a7e6daa7.png (4 variations | 235B)
node_modules/@react-navigation/elements/lib/module/assets/search-icon.286d67d3f74808a60a78d3ebf1a5fb57.png (928B)

› web bundles (2):
_expo/static/js/web/AppEntry-a496d9fed26d983730a2ec28e19d435e.js (3.8MB)
_expo/static/js/web/index-fa08accd546d1150e8ab12709529ef75.js (45KB)

› Files (3):
favicon.ico (15KB)
index.html (1.2KB)
metadata.json (49B)

Exported: /Users/eee/Desktop/code/bcmp_cyber_lover/output/luya-preview
