
> heartbeat-companion@1.5.0 verify:visual-assets
> node scripts/verify-visual-assets.js && node scripts/verify-character-asset-registry.js

Verified 114 visual assets.
Verified character docs mirrors and forbidden legacy asset entries.
- assets/adaptive-icon.png (1024x1024)
- assets/characters/v2/luna/action-waiting.png (1086x1448)
- assets/characters/v2/luna/action-wave.png (1086x1448)
- assets/characters/v2/luna/avatar.png (1254x1254)
- assets/characters/v2/luna/expression-happy.png (1086x1448)
- assets/characters/v2/luna/expression-low-energy.png (1086x1448)
- assets/characters/v2/luna/expression-soft.png (1086x1448)
- assets/characters/v2/luna/headshot.png (512x512)
- assets/characters/v2/luna/main.png (1086x1448)
- assets/characters/v2/luna/scene-memory.png (1086x1448)
- assets/characters/v2/qingning/action-waiting.png (941x1672)
- assets/characters/v2/qingning/action-wave.png (1086x1448)
- assets/characters/v2/qingning/avatar.png (1254x1254)
- assets/characters/v2/qingning/expression-happy.png (1086x1448)
- assets/characters/v2/qingning/expression-low-energy.png (1086x1448)
- assets/characters/v2/qingning/expression-soft.png (1086x1448)
- assets/characters/v2/qingning/headshot.png (512x512)
- assets/characters/v2/qingning/main.png (1086x1448)
- assets/characters/v2/qingning/scene-memory.png (1086x1448)
- assets/characters/v2/sakura/action-waiting.png (1086x1448)
- assets/characters/v2/sakura/action-wave.png (1086x1448)
- assets/characters/v2/sakura/avatar.png (1254x1254)
- assets/characters/v2/sakura/expression-happy.png (1086x1448)
- assets/characters/v2/sakura/expression-low-energy.png (1086x1448)
- assets/characters/v2/sakura/expression-soft.png (1086x1448)
- assets/characters/v2/sakura/headshot.png (512x512)
- assets/characters/v2/sakura/main.png (1086x1448)
- assets/characters/v2/sakura/scene-memory.png (1086x1448)
- assets/favicon.png (512x512)
- assets/icon.png (1024x1024)
- assets/luya-art-v1/life-focus.png (1448x1086)
- assets/luya-art-v1/life-reading.png (1448x1086)
- assets/luya-art-v1/life-rest.png (1448x1086)
- assets/luya-art-v1/room-day.png (1536x1024)
- assets/luya-art-v1/room-night.png (1536x1024)
- assets/luya-art-v2/room-day-portrait.png (1086x1448)
- assets/luya-art-v2/room-night-portrait.png (1086x1448)
- assets/luya-ip-v1/reference/approved-hairstyles.png (1536x1024)
- assets/luya-ip-v1/reference/approved-looks.png (1086x1448)
- assets/luya-ip-v1/reference/l01-turnaround.png (1536x1024)
- assets/luya-ip-v1/reference/l02-turnaround.png (1536x1024)
- assets/luya-ip-v1/reference/l03-turnaround.png (1536x1024)
- assets/luya-ip-v1/reference/l04-turnaround.png (1536x1024)
- assets/luya-ip-v1/reference/l05-turnaround.png (1536x1024)
- assets/luya-ip-v1/reference/l06-turnaround.png (1536x1024)
- assets/luya-ip-v1/scenes/campus-project.png (1086x1448)
- assets/luya-ip-v1/scenes/city-observation.png (1086x1448)
- assets/luya-ip-v1/scenes/home-reading.png (1086x1448)
- assets/luya-ip-v1/stories/blue-tomorrow-01.png (1086x1448)
- assets/luya-ip-v1/stories/blue-tomorrow-02.png (1086x1448)
- assets/luya-ip-v1/stories/listen-first-01.png (1086x1448)
- assets/luya-ip-v1/stories/listen-first-02.png (1086x1448)
- assets/luya-ip-v1/stories/unknown-year-01.png (1086x1448)
- assets/luya-ip-v1/stories/unknown-year-02.png (1086x1448)
- assets/memories/comics/luna-comic-grid.png (1254x1254)
- assets/memories/comics/luna-comic-magazine.png (941x1672)
- assets/memories/comics/qingning-comic-grid.png (1254x1254)
- assets/memories/comics/qingning-comic-magazine.png (941x1672)
- assets/memories/comics/sakura-comic-grid.png (1254x1254)
- assets/memories/comics/sakura-comic-magazine.png (941x1672)
- assets/memories/luna-midnight-game.png (1254x1254)
- assets/memories/qingning-convenience-evening.png (1254x1254)
- assets/memories/sakura-rainy-bookstore.png (1254x1254)
- assets/splash.png (1024x1024)
- assets/style/soft-sweet/avatar-frame-pink.png (212x95)
- assets/style/soft-sweet/bow-divider.png (252x54)
- assets/style/soft-sweet/bubble-pink.png (385x93)
- assets/style/soft-sweet/heart-charm-card.png (154x220)
- assets/style/soft-sweet/input-bar.png (438x72)
- assets/style/soft-sweet/ribbon-panel.png (393x88)
- assets/style/urban-luxury/city-glass-card.png (316x180)
- assets/style/urban-luxury/crystal-pendants.png (395x159)
- assets/style/urban-luxury/night-city-card.png (188x216)
- assets/style/urban-luxury/pearl-chat-bubble.png (470x82)
- assets/style/urban-luxury/rose-chat-bubble.png (502x90)
- assets/style/urban-luxury/round-window.png (175x175)
- assets/style/urban-luxury/slider-pendant.png (417x139)
- docs/assets/characters/v2/luna/action-waiting.png (1086x1448)
- docs/assets/characters/v2/luna/action-wave.png (1086x1448)
- docs/assets/characters/v2/luna/avatar.png (1254x1254)
- docs/assets/characters/v2/luna/expression-happy.png (1086x1448)
- docs/assets/characters/v2/luna/expression-low-energy.png (1086x1448)
- docs/assets/characters/v2/luna/expression-soft.png (1086x1448)
- docs/assets/characters/v2/luna/headshot.png (512x512)
- docs/assets/characters/v2/luna/main.png (1086x1448)
- docs/assets/characters/v2/luna/scene-memory.png (1086x1448)
- docs/assets/characters/v2/qingning/action-waiting.png (941x1672)
- docs/assets/characters/v2/qingning/action-wave.png (1086x1448)
- docs/assets/characters/v2/qingning/avatar.png (1254x1254)
- docs/assets/characters/v2/qingning/expression-happy.png (1086x1448)
- docs/assets/characters/v2/qingning/expression-low-energy.png (1086x1448)
- docs/assets/characters/v2/qingning/expression-soft.png (1086x1448)
- docs/assets/characters/v2/qingning/headshot.png (512x512)
- docs/assets/characters/v2/qingning/main.png (1086x1448)
- docs/assets/characters/v2/qingning/scene-memory.png (1086x1448)
- docs/assets/characters/v2/sakura/action-waiting.png (1086x1448)
- docs/assets/characters/v2/sakura/action-wave.png (1086x1448)
- docs/assets/characters/v2/sakura/avatar.png (1254x1254)
- docs/assets/characters/v2/sakura/expression-happy.png (1086x1448)
- docs/assets/characters/v2/sakura/expression-low-energy.png (1086x1448)
- docs/assets/characters/v2/sakura/expression-soft.png (1086x1448)
- docs/assets/characters/v2/sakura/headshot.png (512x512)
- docs/assets/characters/v2/sakura/main.png (1086x1448)
- docs/assets/characters/v2/sakura/scene-memory.png (1086x1448)
- docs/assets/favicon.png (512x512)
- docs/assets/memories/comics/luna-comic-grid.png (1254x1254)
- docs/assets/memories/comics/luna-comic-magazine.png (941x1672)
- docs/assets/memories/comics/qingning-comic-grid.png (1254x1254)
- docs/assets/memories/comics/qingning-comic-magazine.png (941x1672)
- docs/assets/memories/comics/sakura-comic-grid.png (1254x1254)
- docs/assets/memories/comics/sakura-comic-magazine.png (941x1672)
- docs/assets/memories/luna-midnight-game.png (1254x1254)
- docs/assets/memories/qingning-convenience-evening.png (1254x1254)
- docs/assets/memories/sakura-rainy-bookstore.png (1254x1254)
Verified centralized character asset registry.
