(node:35903) [UNDICI-EHPA] Warning: EnvHttpProxyAgent is experimental, expect them to change at any time.
(Use `node --trace-warnings ...` to show where the warning was created)
Starting Metro Bundler
| (node:35980) Warning: The 'NO_COLOR' env is ignored due to the 'FORCE_COLOR' env being set.
| (Use `node --trace-warnings ...` to show where the warning was created)
Web Bundled 977ms node_modules/expo/AppEntry.js (1984 modules)

› Assets (37):
assets/characters/v2/luna/action-waiting.4236dbe0db76138f452d8a6e685591f1.png (2.14 MB)
assets/characters/v2/luna/action-wave.580d5fa4bebfb3fe180eda9eb0c41e21.png (2.22 MB)
assets/characters/v2/luna/avatar.e11bc3c1d2048b4a415002212268b2d4.png (2.19 MB)
assets/characters/v2/luna/expression-happy.cb89933d87fcf289eb2bc18fe4dd78f9.png (2.06 MB)
assets/characters/v2/luna/expression-low-energy.eb6aa9fc8c204e0282fa704cfbf80dd5.png (2.23 MB)
assets/characters/v2/luna/expression-soft.250cc013e8b2b34b902d268adfc21522.png (2.07 MB)
assets/characters/v2/luna/headshot.2aa03d5133d98ee718224e484b62b667.png (429 kB)
assets/characters/v2/luna/main.ba2f2ab2b2078363f36f7253cbe57f28.png (2.05 MB)
assets/characters/v2/luna/scene-memory.3f538042637669ae84fecba00d3a2f1e.png (2.31 MB)
assets/characters/v2/qingning/action-waiting.5595ab8c4be5e8758a7c8699570ad857.png (2.58 MB)
assets/characters/v2/qingning/action-wave.586f291d039958b826b02b5b37ff4142.png (2.37 MB)
assets/characters/v2/qingning/avatar.e94687bda97aa99c271f41596a1cd3dc.png (2.54 MB)
assets/characters/v2/qingning/expression-happy.d71c8a583b0a2206a462a1b8594f3c58.png (2.74 MB)
assets/characters/v2/qingning/expression-low-energy.5848d76cac9ed948eb74bf86371ffbf1.png (2.34 MB)
assets/characters/v2/qingning/expression-soft.29b0613be90d795fae4b7985f67842b1.png (2.49 MB)
assets/characters/v2/qingning/headshot.e0b5bb01dff7ab1a8c2b9f5dff7709ef.png (478 kB)
assets/characters/v2/qingning/main.1363347f84ec8f441849c248ed9af87a.png (2.46 MB)
assets/characters/v2/qingning/scene-memory.7e0c74b9afbceeb5418d03b3558afd52.png (2.61 MB)
assets/characters/v2/sakura/action-waiting.720ebed3f170664d9c0bcc22fbe3d68b.png (2.48 MB)
assets/characters/v2/sakura/action-wave.25ba60a2d7902b97901c003c24004117.png (2.27 MB)
assets/characters/v2/sakura/avatar.a7a0e58ee60631569056c0a9627e2c04.png (2.63 MB)
assets/characters/v2/sakura/expression-happy.6b99c33979c6d01a371dbf7c23d558af.png (2.49 MB)
assets/characters/v2/sakura/expression-low-energy.48b1867159dda1a3a652733be0632800.png (2.51 MB)
assets/characters/v2/sakura/expression-soft.14e144fb3451a486426de070934adcc7.png (2.49 MB)
assets/characters/v2/sakura/headshot.0728966c77521c680bc1338235ae6c6a.png (463 kB)
assets/characters/v2/sakura/main.8db053a965fb61e56c44e93b99d2b1db.png (2.49 MB)
assets/characters/v2/sakura/scene-memory.3487cedcf18a7ed982a23e3d3a698ceb.png (2.59 MB)
assets/luya-art-v1/life-focus.8d4c2292b60b729de0120aa85816fe93.png (2.23 MB)
assets/luya-art-v1/life-reading.4ffa230ebf37f08fd6a0e182a2b4c691.png (2.48 MB)
assets/luya-art-v1/life-rest.ced16b71160afe1a7e5ea49b12c0806c.png (2.37 MB)
assets/luya-art-v1/room-day.ccc7be01ccdd53cf6a3752460cf8690d.png (2.71 MB)
assets/luya-art-v1/room-night.8c6451ce99a2567b43f25a84997e35ca.png (2.36 MB)
assets/memories/comics/luna-comic-magazine.e3159f161607eacbafa4407b5a55269c.png (2.85 MB)
assets/memories/comics/qingning-comic-magazine.ddfc544f87e50083bd9766d085695b7a.png (3.13 MB)
assets/memories/comics/sakura-comic-magazine.de9fe6cbc55d2642f07022f86460db2b.png (3.12 MB)
node_modules/@react-navigation/elements/lib/module/assets/back-icon-mask.5223c8d9b0d08b82a5670fb5f71faf78.png (913 B)
node_modules/@react-navigation/elements/lib/module/assets/back-icon.35ba0eaec5a4f5ed12ca16fabeae451d.png (207 B)

› web bundles (1):
_expo/static/js/web/AppEntry-3545ba228568e9471bcad757294579ec.js (3.59 MB)

› Files (3):
favicon.ico (14.5 kB)
index.html (1.22 kB)
metadata.json (49 B)

Exported: /Users/eee/Desktop/code/bcmp_cyber_lover/output/luya-preview
